main.c:174:5:main	16	static,ignoring_inline_asm
main.c:242:6:LoraMacProcessNotify	8	static
main.c:248:13:LORA_HasJoined	8	static
main.c:256:13:Send	72	static
main.c:381:13:LORA_RxData	16	static
main.c:452:13:OnTxTimerEvent	16	static
main.c:460:13:LoraStartTx	48	static
main.c:483:13:LORA_ConfirmClass	16	static
main.c:495:13:LORA_TxNeeded	8	static
main.c:508:9:LORA_GetBatteryLevel	24	static
main.c:532:13:SensorINT	32	static
main.c:543:13:InterruptTest	8	static
main.c:550:13:AnalogRead	8	static
main.c:567:13:OnTimerLedEvent	16	static
