mlm32l0xx_hw.c:95:6:HW_Init	8	static
mlm32l0xx_hw.c:135:6:HW_DeInit	8	static
mlm32l0xx_hw.c:151:13:HW_IoInit	8	static
mlm32l0xx_hw.c:165:13:HW_IoDeInit	32	static
mlm32l0xx_hw.c:184:6:HW_GpioInit	56	static
mlm32l0xx_hw.c:230:6:SystemClock_Config	128	static
mlm32l0xx_hw.c:282:10:HW_GetRandomSeed	8	static
mlm32l0xx_hw.c:292:6:HW_GetUniqueId	16	static
mlm32l0xx_hw.c:304:10:HW_GetTemperatureLevel	24	static
mlm32l0xx_hw.c:343:10:HW_GetBatteryLevel	24	static
mlm32l0xx_hw.c:367:6:HW_AdcInit	8	static
mlm32l0xx_hw.c:405:6:HW_AdcDeInit	8	static
mlm32l0xx_hw.c:416:10:HW_AdcReadChannel	40	static
mlm32l0xx_hw.c:467:6:LPM_EnterStopMode	24	static,ignoring_inline_asm
mlm32l0xx_hw.c:491:6:LPM_ExitStopMode	24	static,ignoring_inline_asm
mlm32l0xx_hw.c:529:6:LPM_EnterSleepMode	8	static
